// Jest Snapshot v1, https://goo.gl/fbAQLP

exports[`Card Card should match the snapshot with all data passed in 1`] = `
ShallowWrapper {
  Symbol(enzyme.__root__): [Circular],
  Symbol(enzyme.__unrendered__): <Card
    hasError={[MockFunction]}
    movie={
      Object {
        "movie_id": 1,
        "overview": "movie.overview",
        "poster_path": "movie.poster_path",
        "release_date": 0.00033085194375516956,
        "title": "movie.title",
        "vote_average": "movie.vote_average",
      }
    }
    updateUser={[MockFunction]}
    user={
      Object {
        "favorites": Array [
          Object {
            "poster_path": "car.jpg",
            "title": "Cars",
          },
          Object {
            "poster_path": "dragon.jpg",
            "title": "How To Train Your Dragon",
          },
        ],
        "id": 1,
        "name": "Archie",
      }
    }
  />,
  Symbol(enzyme.__renderer__): Object {
    "batchedUpdates": [Function],
    "checkPropTypes": [Function],
    "getNode": [Function],
    "render": [Function],
    "simulateError": [Function],
    "simulateEvent": [Function],
    "unmount": [Function],
  },
  Symbol(enzyme.__node__): Object {
    "instance": null,
    "key": undefined,
    "nodeType": "host",
    "props": Object {
      "children": Array [
        <img
          alt="movie.title"
          src="https://image.tmdb.org/t/p/w185/movie.poster_path"
        />,
        <button
          onClick={[Function]}
        >
          <img
            alt="favorite movie button"
            src="heart-active.png"
          />
        </button>,
        <p />,
      ],
      "className": "card",
    },
    "ref": null,
    "rendered": Array [
      Object {
        "instance": null,
        "key": undefined,
        "nodeType": "host",
        "props": Object {
          "alt": "movie.title",
          "src": "https://image.tmdb.org/t/p/w185/movie.poster_path",
        },
        "ref": null,
        "rendered": null,
        "type": "img",
      },
      Object {
        "instance": null,
        "key": undefined,
        "nodeType": "host",
        "props": Object {
          "children": <img
            alt="favorite movie button"
            src="heart-active.png"
          />,
          "onClick": [Function],
        },
        "ref": null,
        "rendered": Object {
          "instance": null,
          "key": undefined,
          "nodeType": "host",
          "props": Object {
            "alt": "favorite movie button",
            "src": "heart-active.png",
          },
          "ref": null,
          "rendered": null,
          "type": "img",
        },
        "type": "button",
      },
      Object {
        "instance": null,
        "key": undefined,
        "nodeType": "host",
        "props": Object {
          "children": undefined,
        },
        "ref": null,
        "rendered": null,
        "type": "p",
      },
    ],
    "type": "section",
  },
  Symbol(enzyme.__nodes__): Array [
    Object {
      "instance": null,
      "key": undefined,
      "nodeType": "host",
      "props": Object {
        "children": Array [
          <img
            alt="movie.title"
            src="https://image.tmdb.org/t/p/w185/movie.poster_path"
          />,
          <button
            onClick={[Function]}
          >
            <img
              alt="favorite movie button"
              src="heart-active.png"
            />
          </button>,
          <p />,
        ],
        "className": "card",
      },
      "ref": null,
      "rendered": Array [
        Object {
          "instance": null,
          "key": undefined,
          "nodeType": "host",
          "props": Object {
            "alt": "movie.title",
            "src": "https://image.tmdb.org/t/p/w185/movie.poster_path",
          },
          "ref": null,
          "rendered": null,
          "type": "img",
        },
        Object {
          "instance": null,
          "key": undefined,
          "nodeType": "host",
          "props": Object {
            "children": <img
              alt="favorite movie button"
              src="heart-active.png"
            />,
            "onClick": [Function],
          },
          "ref": null,
          "rendered": Object {
            "instance": null,
            "key": undefined,
            "nodeType": "host",
            "props": Object {
              "alt": "favorite movie button",
              "src": "heart-active.png",
            },
            "ref": null,
            "rendered": null,
            "type": "img",
          },
          "type": "button",
        },
        Object {
          "instance": null,
          "key": undefined,
          "nodeType": "host",
          "props": Object {
            "children": undefined,
          },
          "ref": null,
          "rendered": null,
          "type": "p",
        },
      ],
      "type": "section",
    },
  ],
  Symbol(enzyme.__options__): Object {
    "adapter": ReactSixteenAdapter {
      "options": Object {
        "enableComponentDidUpdateOnSetState": true,
        "legacyContextMode": "parent",
        "lifecycles": Object {
          "componentDidUpdate": Object {
            "onSetState": true,
          },
          "getChildContext": Object {
            "calledByRenderer": false,
          },
          "getDerivedStateFromProps": Object {
            "hasShouldComponentUpdateBug": false,
          },
          "getSnapshotBeforeUpdate": true,
          "setState": Object {
            "skipsComponentDidUpdateOnNullish": true,
          },
        },
      },
    },
  },
  Symbol(enzyme.__childContext__): null,
}
`;
