// Jest Snapshot v1, https://goo.gl/fbAQLP

exports[`Movies Movies should match the snapshot with all data passed in 1`] = `
ShallowWrapper {
  Symbol(enzyme.__root__): [Circular],
  Symbol(enzyme.__unrendered__): <Movies
    movies={
      Array [
        Object {
          "id": 1,
          "title": "Us",
        },
        Object {
          "id": 2,
          "title": "Cars",
        },
        Object {
          "id": 3,
          "title": "A League of their Own",
        },
      ]
    }
  />,
  Symbol(enzyme.__renderer__): Object {
    "batchedUpdates": [Function],
    "checkPropTypes": [Function],
    "getNode": [Function],
    "render": [Function],
    "simulateError": [Function],
    "simulateEvent": [Function],
    "unmount": [Function],
  },
  Symbol(enzyme.__node__): Object {
    "instance": null,
    "key": undefined,
    "nodeType": "host",
    "props": Object {
      "children": Array [
        <Connect(Card)
          movie={
            Object {
              "id": 1,
              "title": "Us",
            }
          }
        />,
        <Connect(Card)
          movie={
            Object {
              "id": 2,
              "title": "Cars",
            }
          }
        />,
        <Connect(Card)
          movie={
            Object {
              "id": 3,
              "title": "A League of their Own",
            }
          }
        />,
      ],
      "className": "movie-container",
    },
    "ref": null,
    "rendered": Array [
      Object {
        "instance": null,
        "key": "1",
        "nodeType": "class",
        "props": Object {
          "movie": Object {
            "id": 1,
            "title": "Us",
          },
        },
        "ref": null,
        "rendered": null,
        "type": [Function],
      },
      Object {
        "instance": null,
        "key": "2",
        "nodeType": "class",
        "props": Object {
          "movie": Object {
            "id": 2,
            "title": "Cars",
          },
        },
        "ref": null,
        "rendered": null,
        "type": [Function],
      },
      Object {
        "instance": null,
        "key": "3",
        "nodeType": "class",
        "props": Object {
          "movie": Object {
            "id": 3,
            "title": "A League of their Own",
          },
        },
        "ref": null,
        "rendered": null,
        "type": [Function],
      },
    ],
    "type": "section",
  },
  Symbol(enzyme.__nodes__): Array [
    Object {
      "instance": null,
      "key": undefined,
      "nodeType": "host",
      "props": Object {
        "children": Array [
          <Connect(Card)
            movie={
              Object {
                "id": 1,
                "title": "Us",
              }
            }
          />,
          <Connect(Card)
            movie={
              Object {
                "id": 2,
                "title": "Cars",
              }
            }
          />,
          <Connect(Card)
            movie={
              Object {
                "id": 3,
                "title": "A League of their Own",
              }
            }
          />,
        ],
        "className": "movie-container",
      },
      "ref": null,
      "rendered": Array [
        Object {
          "instance": null,
          "key": "1",
          "nodeType": "class",
          "props": Object {
            "movie": Object {
              "id": 1,
              "title": "Us",
            },
          },
          "ref": null,
          "rendered": null,
          "type": [Function],
        },
        Object {
          "instance": null,
          "key": "2",
          "nodeType": "class",
          "props": Object {
            "movie": Object {
              "id": 2,
              "title": "Cars",
            },
          },
          "ref": null,
          "rendered": null,
          "type": [Function],
        },
        Object {
          "instance": null,
          "key": "3",
          "nodeType": "class",
          "props": Object {
            "movie": Object {
              "id": 3,
              "title": "A League of their Own",
            },
          },
          "ref": null,
          "rendered": null,
          "type": [Function],
        },
      ],
      "type": "section",
    },
  ],
  Symbol(enzyme.__options__): Object {
    "adapter": ReactSixteenAdapter {
      "options": Object {
        "enableComponentDidUpdateOnSetState": true,
        "legacyContextMode": "parent",
        "lifecycles": Object {
          "componentDidUpdate": Object {
            "onSetState": true,
          },
          "getChildContext": Object {
            "calledByRenderer": false,
          },
          "getDerivedStateFromProps": Object {
            "hasShouldComponentUpdateBug": false,
          },
          "getSnapshotBeforeUpdate": true,
          "setState": Object {
            "skipsComponentDidUpdateOnNullish": true,
          },
        },
      },
    },
  },
  Symbol(enzyme.__childContext__): null,
}
`;
